I'm sorry, but errors were detected in your script. Please correct the
errors listed below, and try again.


File "game/script.rpy", line 79: expected menuitem
    if inspect == 1:
    ^

Ren'Py Version: Ren'Py 7.1.1.929
Mon Nov 12 14:03:03 2018
